2025-12-11T07:04:41.883420Z DEBUG flox::config: reading raw config (initialized: false, reload: false)
2025-12-11T07:04:41.883474Z DEBUG flox::config: `$FLOX_CONFIG_DIR` set: /Users/nxmatic/.config/flox
2025-12-11T07:04:41.883731Z DEBUG flox: set _FLOX_PKGDB_VERBOSITY=2
2025-12-11T07:04:41.884279Z DEBUG flox::config: reading raw config (initialized: true, reload: false)
2025-12-11T07:04:41.884474Z DEBUG flox::commands: Skipping update check in development mode
2025-12-11T07:04:41.884572Z DEBUG flox::commands: Metrics collection disabled
2025-12-11T07:04:41.884634Z DEBUG flox::utils::init::catalog_client: using catalog client with url: https://api.flox.dev
2025-12-11T07:04:41.886280Z DEBUG flox::commands: feature flags configured=Features { upload: false, qa: false }
2025-12-11T07:04:41.886323Z DEBUG check-upgrade: flox::utils::metrics: No metrics client setup, skipping record
2025-12-11T07:04:41.886478Z DEBUG check-upgrade: flox_rust_sdk::models::environment: detected concrete environment type: path
2025-12-11T07:04:41.887233Z DEBUG check-upgrade: flox_rust_sdk::providers::upgrade_checks: created unlocked upgrade information guard upgrade_information_path="/private/var/lib/gits/nxmatic/nix-darwin-home/modules/nixos/incus-rke2-cluster/.flox/cache/upgrade-checks.json"
2025-12-11T07:04:41.887844Z DEBUG check-upgrade: flox_rust_sdk::providers::upgrade_checks: lock acquired upgrade_information_path="/private/var/lib/gits/nxmatic/nix-darwin-home/modules/nixos/incus-rke2-cluster/.flox/cache/upgrade-checks.json"
2025-12-11T07:04:41.887880Z DEBUG check-upgrade:check-upgrade: flox_rust_sdk::models::environment::core_environment: upgrading to_upgrade=""
2025-12-11T07:04:41.887963Z DEBUG check-upgrade:check-upgrade: flox_rust_sdk::models::environment::core_environment: checking group membership for requested packages
2025-12-11T07:04:41.887968Z DEBUG check-upgrade:check-upgrade: flox_rust_sdk::models::environment::core_environment: using catalog client to upgrade
2025-12-11T07:04:41.887971Z DEBUG check-upgrade:check-upgrade: flox_rust_sdk::models::environment::core_environment: upgrading to_upgrade=""
2025-12-11T07:04:41.888478Z DEBUG check-upgrade:check-upgrade:resolve_manifest:resolve: flox_rust_sdk::providers::catalog: resolving package groups n_groups=2
2025-12-11T07:04:55.233349Z DEBUG check-upgrade:check-upgrade:resolve_manifest:resolve: flox_rust_sdk::providers::catalog: received resolved package groups n_groups=2
2025-12-11T07:04:55.233666Z DEBUG check-upgrade:check-upgrade:resolve_manifest: flox_rust_sdk::models::lockfile: no resolution failures detected
2025-12-11T07:04:55.236939Z DEBUG check-upgrade:check-upgrade:build: flox_rust_sdk::providers::buildenv: bulk checking validity of store_paths (paths passed to stdin) cmd=/nix/store/aazg6v221pq98rsab7i9gww46a85y1qv-nix-2.28.2/bin/nix --option extra-experimental-features 'nix-command flakes' path-info --offline --stdin
2025-12-11T07:04:55.317062Z DEBUG check-upgrade:check-upgrade:build: flox_rust_sdk::providers::buildenv: bulk setting gc roots for store_paths cmd="echo '/nix/store/vxaalq047gjgyhhsnwrnh1l5llkgrk33-kubectl-1.22.6-man /nix/store/sjhf1rypkff4ymgqksh1vvb4q69s4v6q-dnsmasq-2.86 /nix/store/nknbhvgz76g16949z72im3c0v78v75m3-openssl-1.1.1m-man /nix/store/4qn3n5casyppvb3wzls6gx2g23j10pri-direnv-2.30.3 /nix/store/x106zq8vrcjqzxfr4k8ipv7alnc65ydz-gnumake-4.3 /nix/store/k6g3ls3d9ky8zvj2ph1ign28qmqd1rz2-file-5.41 /nix/store/2dnc2czqhq18wra4kvwy1vip9kz97c6s-bind-9.16.16-host /nix/store/z0kdmyxd52v3x3ma3kbmj19vpm7s4f2j-bind-9.16.16 /nix/store/2ih1dbjsl5r31yyv8cf1jk652w6z80xb-gnupg-2.3.3 /nix/store/wvws45y678cv2nz1307k5mqbais4d2bf-kubectl-1.22.6 /nix/store/4j8fcrrncx96g37p2rk88p4f5jgll953-openssl-1.1.1m /nix/store/n5awzagjgdhpbd2wl05sszzwawf26m6d-gdu-5.12.1 /nix/store/96pnj69i650g9h0863l3qmcmqkw9adz6-envsubst-1.2.0 /nix/store/6844p43k582yb4scfdg165dvds3wjr1b-gnumake-4.3-man /nix/store/kj9rv5hnq7i4k8fvay8gvscwk1yf7gsl-gh-2.4.0 /nix/store/86353hkdy09sq94mjwhl20pl9imiihbb-cilium-cli-0.9.3 /nix/store/8ihkamvqglrl2fdwbkmh6ss3sahaip0a-bind-9.16.16-dev /nix/store/g4kjky28wcr41s86q6d65zmhsy4ny2xb-bind-9.16.16-dnsutils /nix/store/0cp07wfk00cdh5xilfiv8van44qmxd65-openssl-1.1.1m-dev /nix/store/w0yd565jpalrrdasqhnlkh8w9irpkxvz-helm-3.7.2 /nix/store/1c5pkwzjc1afs10c3a0kj27hxwfxqwd6-fluxcd-0.24.1 /nix/store/1m2p2y4kcmnm846zndzifm08xnzkw4b8-gnumake-4.3-info /nix/store/hj7q6by8b5bapcvkxyn96ka3j1g76xmm-lsof-4.94.0 /nix/store/0wpyj4a3xzwi9b7qrxzd218hinysik81-ncdu-1.16 /nix/store/1pacdlmzykrcb94gsssx32xpy4hxfh68-unzip-6.0 /nix/store/acbyp2nvccas4wwa8x1k3593bqd8ig5k-bind-9.16.16-lib /nix/store/8h9y9fjw856jnb3k97hv8k6bswzz3q1n-ipcalc-1.0.1 /nix/store/63cqsz3y57r20bry85hggpih8l5fyb5i-openssl-1.1.1m-doc /nix/store/56b56w2vzxw31mb614l1w5z4mnhy495b-openssl-1.1.1m-bin /nix/store/0y0x7g3qn8gzb29rf44mn6448x508kbc-kpt-1.0.0-beta.55 /nix/store/90jkiywla1s5bfs2pj2gk9bb3n0h16zr-helmfile-0.143.0 /nix/store/kfhgbbkm76r5sm9y55ayc0lrphk9km6m-wireshark-cli-3.6.1-dev /nix/store/20snkc62r4shmc5xwf60zkdqvks3kjpi-nmap-7.92 /nix/store/r8vqp3zc0z1ggf3jk40wgypcj19dyk8y-remake-4.3+dbg-1.6 /nix/store/lgzg72y2jyaw8qzp1mshdbkjqmyqm4aa-k9s-0.25.18 /nix/store/ss32jsb243f9xajqf7q52ym12436mjxf-bind-9.16.16-man /nix/store/vfdi1ygpryfawlr133wlbhrf1lgm8inv-wireshark-cli-3.6.1' | /nix/store/aazg6v221pq98rsab7i9gww46a85y1qv-nix-2.28.2/bin/nix --option extra-experimental-features 'nix-command flakes' build --stdin --offline -j 0 --out-link /Users/nxmatic/.local/var/cache/flox/process/.tmpeMgg3z/temp-roots/pre-checked-paths"
2025-12-11T07:04:55.396199Z DEBUG check-upgrade:check-upgrade:build: flox_rust_sdk::providers::buildenv: using 'auto' store
2025-12-11T07:04:55.396215Z DEBUG check-upgrade:check-upgrade:build: flox_rust_sdk::providers::buildenv: building environment cmd=/nix/store/aazg6v221pq98rsab7i9gww46a85y1qv-nix-2.28.2/bin/nix --option extra-experimental-features 'nix-command flakes' --option pure-eval false --print-build-logs build --no-link --offline --json --file /nix/store/ffh0da5n98rmmrsqd1l3z1janlck84l3-flox-buildenv-0.0.1/lib/buildenv.nix --argstr manifestLock /Users/nxmatic/.local/var/cache/flox/process/.tmpeMgg3z/.tmpYz6e1z
2025-12-11T07:04:57.043841Z DEBUG check-upgrade: flox::commands::check_for_upgrades: Upgrading information with new result. diff={}
2025-12-11T07:04:57.044961Z DEBUG check-upgrade: flox_rust_sdk::providers::upgrade_checks: wrote upgrade information upgrade_information_path="/private/var/lib/gits/nxmatic/nix-darwin-home/modules/nixos/incus-rke2-cluster/.flox/cache/upgrade-checks.json"
2025-12-11T07:04:57.045318Z DEBUG flox::utils::metrics: No metrics client setup, skipping flush
